// Jest Snapshot v1, https://goo.gl/fbAQLP

exports[`App works 1`] = `
<view>
  app
</view>
`;
